checking: 42
js:got:       42
js:returning: 21
got:      21
expected: 21
checking: 4503599627370495
js:got:       4503599627370495
js:returning: 2251799813685247
got:      2251799813685247
expected: 2251799813685247
checking: -4503599627370495
js:got:       -4503599627370495
js:returning: -2251799813685247
got:      -2251799813685247
expected: -2251799813685247
checking: 9007199254740991
js:got:       9007199254740991
js:returning: 4503599627370495
got:      4503599627370495
expected: 4503599627370495
checking: -9007199254740991
js:got:       -9007199254740991
js:returning: -4503599627370495
got:      -4503599627370495
expected: -4503599627370495
checking: 9007199254740992
overflow
got:      42
checking: -9007199254740992
overflow
got:      42
done
